error[E0382]: use of moved value: `template`
  --> tests/ui/compile_fail/moved_value.rs:13:31
   |
11 |     let template = initial0!();
   |         -------- move occurs because `template` has type `TestTemplate0`, which does not implement the `Copy` trait
12 |     let _ = template0!(template);
   |                        -------- value moved here
13 |     let template = template0!(template);
   |                               ^^^^^^^^ value used here after move
